Command line invocation:
    /Applications/Xcode-beta.app/Contents/Developer/usr/bin/xcodebuild -project Snippets.xcodeproj -scheme Snippets build

--- xcodebuild: WARNING: Using the first of multiple matching destinations:
{ platform:macOS, arch:arm64, id:00006000-001A099E3423401E, name:My Mac }
{ platform:macOS, arch:x86_64, id:00006000-001A099E3423401E, name:My Mac }
{ platform:macOS, name:Any Mac }
ComputePackagePrebuildTargetDependencyGraph

Prepare packages

CreateBuildRequest

SendProjectDescription

CreateBuildOperation

ComputeTargetDependencyGraph
note: Building targets in dependency order
note: Target dependency graph (1 target)
    Target 'Snippets' in project 'Snippets' (no dependencies)

GatherProvisioningInputs

CreateBuildDescription

ExecuteExternalTool /Applications/Xcode-beta.app/Contents/Developer/Toolchains/XcodeDefault.xctoolchain/usr/bin/clang -v -E -dM -isysroot /Applications/Xcode-beta.app/Contents/Developer/Platforms/MacOSX.platform/Developer/SDKs/MacOSX27.0.sdk -x c -c /dev/null

ExecuteExternalTool /Applications/Xcode-beta.app/Contents/Developer/usr/bin/actool --version --output-format xml1

ExecuteExternalTool /Applications/Xcode-beta.app/Contents/Developer/Toolchains/XcodeDefault.xctoolchain/usr/bin/swiftc --version

ExecuteExternalTool /Applications/Xcode-beta.app/Contents/Developer/Toolchains/XcodeDefault.xctoolchain/usr/bin/ld -version_details

Build description signature: 7619d1bf30bbf43f00825117161f644a
Build description path: /Users/halilbagosi/Library/Developer/Xcode/DerivedData/Snippets-alwsbvpkjnwntcaxeuwfyknbsayo/Build/Intermediates.noindex/XCBuildData/7619d1bf30bbf43f00825117161f644a.xcbuilddata
ClangStatCache /Applications/Xcode-beta.app/Contents/Developer/Toolchains/XcodeDefault.xctoolchain/usr/bin/clang-stat-cache /Applications/Xcode-beta.app/Contents/Developer/Platforms/MacOSX.platform/Developer/SDKs/MacOSX27.0.sdk /Users/halilbagosi/Library/Developer/Xcode/DerivedData/SDKStatCaches.noindex/macosx27.0-26A5353p-802b3160ec225d8f0f354b513c6f7a3245874285e5972fffeae925c4ab065928.sdkstatcache
    cd /Users/halilbagosi/snippets/Snippets.xcodeproj
    /Applications/Xcode-beta.app/Contents/Developer/Toolchains/XcodeDefault.xctoolchain/usr/bin/clang-stat-cache /Applications/Xcode-beta.app/Contents/Developer/Platforms/MacOSX.platform/Developer/SDKs/MacOSX27.0.sdk -o /Users/halilbagosi/Library/Developer/Xcode/DerivedData/SDKStatCaches.noindex/macosx27.0-26A5353p-802b3160ec225d8f0f354b513c6f7a3245874285e5972fffeae925c4ab065928.sdkstatcache

SwiftDriver Snippets normal arm64 com.apple.xcode.tools.swift.compiler (in target 'Snippets' from project 'Snippets')
    cd /Users/halilbagosi/snippets
    builtin-SwiftDriver -- /Applications/Xcode-beta.app/Contents/Developer/Toolchains/XcodeDefault.xctoolchain/usr/bin/swiftc -module-name Snippets -Onone @/Users/halilbagosi/Library/Developer/Xcode/DerivedData/Snippets-alwsbvpkjnwntcaxeuwfyknbsayo/Build/Intermediates.noindex/Snippets.build/Debug/Snippets.build/Objects-normal/arm64/Snippets.SwiftFileList -DDEBUG -enable-experimental-feature DebugDescriptionMacro -sdk /Applications/Xcode-beta.app/Contents/Developer/Platforms/MacOSX.platform/Developer/SDKs/MacOSX27.0.sdk -target arm64-apple-macos14.0 -g -module-cache-path /Users/halilbagosi/Library/Developer/Xcode/DerivedData/ModuleCache.noindex -Xfrontend -serialize-debugging-options -enable-testing -index-store-path /Users/halilbagosi/Library/Developer/Xcode/DerivedData/Snippets-alwsbvpkjnwntcaxeuwfyknbsayo/Index.noindex/DataStore -Xcc -D_LIBCPP_HARDENING_MODE\=_LIBCPP_HARDENING_MODE_DEBUG -swift-version 6 -I /Users/halilbagosi/Library/Developer/Xcode/DerivedData/Snippets-alwsbvpkjnwntcaxeuwfyknbsayo/Build/Products/Debug -F /Users/halilbagosi/Library/Developer/Xcode/DerivedData/Snippets-alwsbvpkjnwntcaxeuwfyknbsayo/Build/Products/Debug -emit-localized-strings -emit-localized-strings-path /Users/halilbagosi/Library/Developer/Xcode/DerivedData/Snippets-alwsbvpkjnwntcaxeuwfyknbsayo/Build/Intermediates.noindex/Snippets.build/Debug/Snippets.build/Objects-normal/arm64 -c -j8 -enable-batch-mode -incremental -Xcc -ivfsstatcache -Xcc /Users/halilbagosi/Library/Developer/Xcode/DerivedData/SDKStatCaches.noindex/macosx27.0-26A5353p-802b3160ec225d8f0f354b513c6f7a3245874285e5972fffeae925c4ab065928.sdkstatcache -output-file-map /Users/halilbagosi/Library/Developer/Xcode/DerivedData/Snippets-alwsbvpkjnwntcaxeuwfyknbsayo/Build/Intermediates.noindex/Snippets.build/Debug/Snippets.build/Objects-normal/arm64/Snippets-OutputFileMap.json -save-temps -no-color-diagnostics -explicit-module-build -module-cache-path /Users/halilbagosi/Library/Developer/Xcode/DerivedData/Snippets-alwsbvpkjnwntcaxeuwfyknbsayo/Build/Intermediates.noindex/SwiftExplicitPrecompiledModules -clang-scanner-module-cache-path /Users/halilbagosi/Library/Developer/Xcode/DerivedData/ModuleCache.noindex -sdk-module-cache-path /Users/halilbagosi/Library/Developer/Xcode/DerivedData/ModuleCache.noindex -emit-dependencies -emit-module -emit-module-path /Users/halilbagosi/Library/Developer/Xcode/DerivedData/Snippets-alwsbvpkjnwntcaxeuwfyknbsayo/Build/Intermediates.noindex/Snippets.build/Debug/Snippets.build/Objects-normal/arm64/Snippets.swiftmodule -serialize-diagnostics -dependency-scan-serialize-diagnostics-path /Users/halilbagosi/Library/Developer/Xcode/DerivedData/Snippets-alwsbvpkjnwntcaxeuwfyknbsayo/Build/Intermediates.noindex/Snippets.build/Debug/Snippets.build/Objects-normal/arm64/Snippets-dependency-scan.dia -validate-clang-modules-once -clang-build-session-file /Users/halilbagosi/Library/Developer/Xcode/DerivedData/ModuleCache.noindex/Session.modulevalidation -Xcc -fmodules-prune-interval\=86400 -Xcc -fmodules-prune-after\=345600 -emit-const-values -const-gather-protocols-list /Users/halilbagosi/Library/Developer/Xcode/DerivedData/Snippets-alwsbvpkjnwntcaxeuwfyknbsayo/Build/Intermediates.noindex/Snippets.build/Debug/Snippets.build/Objects-normal/arm64/Snippets_const_extract_protocols.json -Xcc -iquote -Xcc /Users/halilbagosi/Library/Developer/Xcode/DerivedData/Snippets-alwsbvpkjnwntcaxeuwfyknbsayo/Build/Intermediates.noindex/Snippets.build/Debug/Snippets.build/Snippets-generated-files.hmap -Xcc -I/Users/halilbagosi/Library/Developer/Xcode/DerivedData/Snippets-alwsbvpkjnwntcaxeuwfyknbsayo/Build/Intermediates.noindex/Snippets.build/Debug/Snippets.build/Snippets-own-target-headers.hmap -Xcc -I/Users/halilbagosi/Library/Developer/Xcode/DerivedData/Snippets-alwsbvpkjnwntcaxeuwfyknbsayo/Build/Intermediates.noindex/Snippets.build/Debug/Snippets.build/Snippets-all-target-headers.hmap -Xcc -iquote -Xcc /Users/halilbagosi/Library/Developer/Xcode/DerivedData/Snippets-alwsbvpkjnwntcaxeuwfyknbsayo/Build/Intermediates.noindex/Snippets.build/Debug/Snippets.build/Snippets-project-headers.hmap -Xcc -I/Users/halilbagosi/Library/Developer/Xcode/DerivedData/Snippets-alwsbvpkjnwntcaxeuwfyknbsayo/Build/Products/Debug/include -Xcc -I/Users/halilbagosi/Library/Developer/Xcode/DerivedData/Snippets-alwsbvpkjnwntcaxeuwfyknbsayo/Build/Intermediates.noindex/Snippets.build/Debug/Snippets.build/DerivedSources-normal/arm64 -Xcc -I/Users/halilbagosi/Library/Developer/Xcode/DerivedData/Snippets-alwsbvpkjnwntcaxeuwfyknbsayo/Build/Intermediates.noindex/Snippets.build/Debug/Snippets.build/DerivedSources/arm64 -Xcc -I/Users/halilbagosi/Library/Developer/Xcode/DerivedData/Snippets-alwsbvpkjnwntcaxeuwfyknbsayo/Build/Intermediates.noindex/Snippets.build/Debug/Snippets.build/DerivedSources -Xcc -DDEBUG\=1 -emit-objc-header -emit-objc-header-path /Users/halilbagosi/Library/Developer/Xcode/DerivedData/Snippets-alwsbvpkjnwntcaxeuwfyknbsayo/Build/Intermediates.noindex/Snippets.build/Debug/Snippets.build/Objects-normal/arm64/Snippets-Swift.h -working-directory /Users/halilbagosi/snippets -experimental-emit-module-separately -disable-cmo

SwiftEmitModule normal arm64 Emitting\ module\ for\ Snippets (in target 'Snippets' from project 'Snippets')

SwiftCompile normal arm64 (in target 'Snippets' from project 'Snippets')
    cd /Users/halilbagosi/snippets
    

SwiftCompile normal arm64 Compiling\ ContentView.swift /Users/halilbagosi/snippets/Sources/Snippets/Views/ContentView.swift (in target 'Snippets' from project 'Snippets')
/Users/halilbagosi/snippets/Sources/Snippets/Views/ContentView.swift:690:43: error: extra argument 'isCollectionsSectionExpanded' in call
 688 |             isLanguagesSectionExpanded: $isLanguagesSectionExpanded,
 689 |             isAllSnippetsExpanded: $isAllSnippetsExpanded,
 690 |             isCollectionsSectionExpanded: $isCollectionsSectionExpanded,
     |                                           `- error: extra argument 'isCollectionsSectionExpanded' in call
 691 |             expandedCollections: $expandedCollections,
 692 |             onNew: { beginCreateCollection() },
Failed frontend command:
/Applications/Xcode-beta.app/Contents/Developer/Toolchains/XcodeDefault.xctoolchain/usr/bin/swift-frontend -frontend -c /Users/halilbagosi/snippets/Sources/Snippets/App/AppEnvironment.swift /Users/halilbagosi/snippets/Sources/Snippets/Views/Settings/AboutView.swift /Users/halilbagosi/snippets/Sources/Snippets/App/AppearanceSettings.swift /Users/halilbagosi/snippets/Sources/Snippets/Views/Settings/AppearanceView.swift /Users/halilbagosi/snippets/Sources/Snippets/Services/Clipboard.swift /Users/halilbagosi/snippets/Sources/Snippets/Views/Components/CodeEditor.swift /Users/halilbagosi/snippets/Sources/Snippets/Views/Components/CodeView.swift /Users/halilbagosi/snippets/Sources/Snippets/Models/Collection.swift /Users/halilbagosi/snippets/Sources/Snippets/Views/Sidebar/CollectionEditorSheet.swift /Users/halilbagosi/snippets/Sources/Snippets/Views/Components/CollectionIconView.swift /Users/halilbagosi/snippets/Sources/Snippets/Views/ext/ColorExtensions.swift -primary-file /Users/halilbagosi/snippets/Sources/Snippets/Views/ContentView.swift /Users/halilbagosi/snippets/Sources/Snippets/Views/Components/DotGridBackground.swift /Users/halilbagosi/snippets/Sources/Snippets/Views/Components/EditorTabHeader.swift /Users/halilbagosi/snippets/Sources/Snippets/Views/Components/FilterTag.swift /Users/halilbagosi/snippets/Sources/Snippets/Views/Components/GallerySection.swift /Users/halilbagosi/snippets/Sources/Snippets/Views/Components/GlassCard.swift /Users/halilbagosi/snippets/Sources/Snippets/Views/Components/LanguageBadge.swift /Users/halilbagosi/snippets/Sources/Snippets/Services/LanguageDetector.swift /Users/halilbagosi/snippets/Sources/Snippets/Views/Components/LiquidGlassToggleStyle.swift /Users/halilbagosi/snippets/Sources/Snippets/Views/Components/LoopingVideoPlayerView.swift /Users/halilbagosi/snippets/Sources/Snippets/Models/MediaItem.swift /Users/halilbagosi/snippets/Sources/Snippets/Services/MediaManager.swift /Users/halilbagosi/snippets/Sources/Snippets/Core/Services/Protocols/MediaManaging.swift /Users/halilbagosi/snippets/Sources/Snippets/Views/Components/MetalDisintegrationOverlay.swift /Users/halilbagosi/snippets/Sources/Snippets/Views/Components/MetalDisintegrationRenderer.swift /Users/halilbagosi/snippets/Sources/Snippets/Views/Sidebar/ModernSidebar.swift /Users/halilbagosi/snippets/Sources/Snippets/Views/Components/SectionHeader.swift /Users/halilbagosi/snippets/Sources/Snippets/Views/Settings/SettingsView.swift /Users/halilbagosi/snippets/Sources/Snippets/Models/Snippet.swift /Users/halilbagosi/snippets/Sources/Snippets/Views/Components/SnippetCard.swift /Users/halilbagosi/snippets/Sources/Snippets/Views/Components/SnippetCollectionCard.swift /Users/halilbagosi/snippets/Sources/Snippets/Views/SnippetDetailView.swift /Users/halilbagosi/snippets/Sources/Snippets/Views/SnippetEditorView.swift /Users/halilbagosi/snippets/Sources/Snippets/Features/Editor/SnippetEditorViewModel.swift /Users/halilbagosi/snippets/Sources/Snippets/Views/SnippetGalleryView.swift /Users/halilbagosi/snippets/Sources/Snippets/Features/Gallery/SnippetGalleryViewModel.swift /Users/halilbagosi/snippets/Sources/Snippets/SnippetsApp.swift /Users/halilbagosi/snippets/Sources/Snippets/Views/Components/StatusBar.swift /Users/halilbagosi/snippets/Sources/Snippets/Services/SyntaxHighlighter.swift /Users/halilbagosi/snippets/Sources/Snippets/Services/Theme.swift /Users/halilbagosi/snippets/Sources/Snippets/Views/TrashView.swift /Users/halilbagosi/snippets/Sources/Snippets/Views/Components/ViewSnapshot.swift /Users/halilbagosi/Library/Developer/Xcode/DerivedData/Snippets-alwsbvpkjnwntcaxeuwfyknbsayo/Build/Intermediates.noindex/Snippets.build/Debug/Snippets.build/DerivedSources/GeneratedAssetSymbols.swift -emit-dependencies-path /Users/halilbagosi/Library/Developer/Xcode/DerivedData/Snippets-alwsbvpkjnwntcaxeuwfyknbsayo/Build/Intermediates.noindex/Snippets.build/Debug/Snippets.build/Objects-normal/arm64/ContentView.d -emit-const-values-path /Users/halilbagosi/Library/Developer/Xcode/DerivedData/Snippets-alwsbvpkjnwntcaxeuwfyknbsayo/Build/Intermediates.noindex/Snippets.build/Debug/Snippets.build/Objects-normal/arm64/ContentView.swiftconstvalues -emit-reference-dependencies-path /Users/halilbagosi/Library/Developer/Xcode/DerivedData/Snippets-alwsbvpkjnwntcaxeuwfyknbsayo/Build/Intermediates.noindex/Snippets.build/Debug/Snippets.build/Objects-normal/arm64/ContentView.swiftdeps -serialize-diagnostics-path /Users/halilbagosi/Library/Developer/Xcode/DerivedData/Snippets-alwsbvpkjnwntcaxeuwfyknbsayo/Build/Intermediates.noindex/Snippets.build/Debug/Snippets.build/Objects-normal/arm64/ContentView.dia -emit-localized-strings -emit-localized-strings-path /Users/halilbagosi/Library/Developer/Xcode/DerivedData/Snippets-alwsbvpkjnwntcaxeuwfyknbsayo/Build/Intermediates.noindex/Snippets.build/Debug/Snippets.build/Objects-normal/arm64 -target arm64-apple-macos14.0 -module-can-import-version AppKit 2757.5 2757.5.0 -module-can-import-version DeveloperToolsSupport 24.0.23 24.0.23 -disable-cross-import-overlay-search -swift-module-cross-import AVKit /Applications/Xcode-beta.app/Contents/Developer/Platforms/MacOSX.platform/Developer/SDKs/MacOSX.sdk/System/Library/Frameworks/AVKit.framework/Modules/AVKit.swiftcrossimport/SwiftUI.swiftoverlay -swift-module-cross-import AVKit /Applications/Xcode-beta.app/Contents/Developer/Platforms/MacOSX.platform/Developer/SDKs/MacOSX27.0.sdk/System/Library/Frameworks/AVKit.framework/Modules/AVKit.swiftcrossimport/SwiftUI.swiftoverlay -swift-module-cross-import SwiftData /Applications/Xcode-beta.app/Contents/Developer/Platforms/MacOSX.platform/Developer/SDKs/MacOSX27.0.sdk/System/Library/Frameworks/SwiftData.framework/Modules/SwiftData.swiftcrossimport/CoreData.swiftoverlay -swift-module-cross-import SwiftData /Applications/Xcode-beta.app/Contents/Developer/Platforms/MacOSX.platform/Developer/SDKs/MacOSX27.0.sdk/System/Library/Frameworks/SwiftData.framework/Modules/SwiftData.swiftcrossimport/SwiftUI.swiftoverlay -load-resolved-plugin /Applications/Xcode-beta.app/Contents/Developer/Platforms/MacOSX.platform/Developer/usr/lib/swift/host/plugins/libFoundationMacros.dylib\#/Applications/Xcode-beta.app/Contents/Developer/Platforms/MacOSX.platform/Developer/usr/bin/swift-plugin-server\#FoundationMacros -load-resolved-plugin /Applications/Xcode-beta.app/Contents/Developer/Platforms/MacOSX.platform/Developer/usr/lib/swift/host/plugins/libObservationMacros.dylib\#/Applications/Xcode-beta.app/Contents/Developer/Platforms/MacOSX.platform/Developer/usr/bin/swift-plugin-server\#ObservationMacros -load-resolved-plugin /Applications/Xcode-beta.app/Contents/Developer/Platforms/MacOSX.platform/Developer/usr/lib/swift/host/plugins/libPreviewsMacros.dylib\#/Applications/Xcode-beta.app/Contents/Developer/Platforms/MacOSX.platform/Developer/usr/bin/swift-plugin-server\#PreviewsMacros -load-resolved-plugin /Applications/Xcode-beta.app/Contents/Developer/Platforms/MacOSX.platform/Developer/usr/lib/swift/host/plugins/libSwiftDataMacros.dylib\#/Applications/Xcode-beta.app/Contents/Developer/Platforms/MacOSX.platform/Developer/usr/bin/swift-plugin-server\#SwiftDataMacros -load-resolved-plugin /Applications/Xcode-beta.app/Contents/Developer/Platforms/MacOSX.platform/Developer/usr/lib/swift/host/plugins/libSwiftMacros.dylib\#/Applications/Xcode-beta.app/Contents/Developer/Platforms/MacOSX.platform/Developer/usr/bin/swift-plugin-server\#SwiftMacros -load-resolved-plugin /Applications/Xcode-beta.app/Contents/Developer/Platforms/MacOSX.platform/Developer/usr/lib/swift/host/plugins/libSwiftUIMacros.dylib\#/Applications/Xcode-beta.app/Contents/Developer/Platforms/MacOSX.platform/Developer/usr/bin/swift-plugin-server\#SwiftUIMacros -disable-implicit-swift-modules -Xcc -fno-implicit-modules -Xcc -fno-implicit-module-maps -explicit-swift-module-map-file /Users/halilbagosi/Library/Developer/Xcode/DerivedData/Snippets-alwsbvpkjnwntcaxeuwfyknbsayo/Build/Intermediates.noindex/Snippets.build/Debug/Snippets.build/Objects-normal/arm64/Snippets-dependencies-1.json -Xllvm -aarch64-use-tbi -enable-objc-interop -stack-check -sdk /Applications/Xcode-beta.app/Contents/Developer/Platforms/MacOSX.platform/Developer/SDKs/MacOSX27.0.sdk -I /Users/halilbagosi/Library/Developer/Xcode/DerivedData/Snippets-alwsbvpkjnwntcaxeuwfyknbsayo/Build/Products/Debug -F /Users/halilbagosi/Library/Developer/Xcode/DerivedData/Snippets-alwsbvpkjnwntcaxeuwfyknbsayo/Build/Products/Debug -module-cache-path /Users/halilbagosi/Library/Developer/Xcode/DerivedData/Snippets-alwsbvpkjnwntcaxeuwfyknbsayo/Build/Intermediates.noindex/SwiftExplicitPrecompiledModules -no-color-diagnostics -Xcc -fno-color-diagnostics -enable-testing -g -debug-info-format\=dwarf -dwarf-version\=4 -swift-version 6 -Onone -D DEBUG -serialize-debugging-options -enable-experimental-feature DebugDescriptionMacro -empty-abi-descriptor -validate-clang-modules-once -clang-build-session-file /Users/halilbagosi/Library/Developer/Xcode/DerivedData/ModuleCache.noindex/Session.modulevalidation -Xcc -working-directory -Xcc /Users/halilbagosi/snippets -enable-anonymous-context-mangled-names -file-compilation-dir /Users/halilbagosi/snippets -Xcc -D_LIBCPP_HARDENING_MODE\=_LIBCPP_HARDENING_MODE_DEBUG -Xcc -ivfsstatcache -Xcc /Users/halilbagosi/Library/Developer/Xcode/DerivedData/SDKStatCaches.noindex/macosx27.0-26A5353p-802b3160ec225d8f0f354b513c6f7a3245874285e5972fffeae925c4ab065928.sdkstatcache -Xcc -fmodules-prune-interval\=86400 -Xcc -fmodules-prune-after\=345600 -Xcc -iquote -Xcc /Users/halilbagosi/Library/Developer/Xcode/DerivedData/Snippets-alwsbvpkjnwntcaxeuwfyknbsayo/Build/Intermediates.noindex/Snippets.build/Debug/Snippets.build/Snippets-generated-files.hmap -Xcc -I/Users/halilbagosi/Library/Developer/Xcode/DerivedData/Snippets-alwsbvpkjnwntcaxeuwfyknbsayo/Build/Intermediates.noindex/Snippets.build/Debug/Snippets.build/Snippets-own-target-headers.hmap -Xcc -I/Users/halilbagosi/Library/Developer/Xcode/DerivedData/Snippets-alwsbvpkjnwntcaxeuwfyknbsayo/Build/Intermediates.noindex/Snippets.build/Debug/Snippets.build/Snippets-all-target-headers.hmap -Xcc -iquote -Xcc /Users/halilbagosi/Library/Developer/Xcode/DerivedData/Snippets-alwsbvpkjnwntcaxeuwfyknbsayo/Build/Intermediates.noindex/Snippets.build/Debug/Snippets.build/Snippets-project-headers.hmap -Xcc -I/Users/halilbagosi/Library/Developer/Xcode/DerivedData/Snippets-alwsbvpkjnwntcaxeuwfyknbsayo/Build/Products/Debug/include -Xcc -I/Users/halilbagosi/Library/Developer/Xcode/DerivedData/Snippets-alwsbvpkjnwntcaxeuwfyknbsayo/Build/Intermediates.noindex/Snippets.build/Debug/Snippets.build/DerivedSources-normal/arm64 -Xcc -I/Users/halilbagosi/Library/Developer/Xcode/DerivedData/Snippets-alwsbvpkjnwntcaxeuwfyknbsayo/Build/Intermediates.noindex/Snippets.build/Debug/Snippets.build/DerivedSources/arm64 -Xcc -I/Users/halilbagosi/Library/Developer/Xcode/DerivedData/Snippets-alwsbvpkjnwntcaxeuwfyknbsayo/Build/Intermediates.noindex/Snippets.build/Debug/Snippets.build/DerivedSources -Xcc -DDEBUG\=1 -no-auto-bridging-header-chaining -module-name Snippets -const-gather-protocols-file /Users/halilbagosi/Library/Developer/Xcode/DerivedData/Snippets-alwsbvpkjnwntcaxeuwfyknbsayo/Build/Intermediates.noindex/Snippets.build/Debug/Snippets.build/Objects-normal/arm64/Snippets_const_extract_protocols.json -disable-clang-spi -clang-target arm64-apple-macos27.0 -target-sdk-version 27.0 -target-sdk-name macosx27.0 -in-process-plugin-server-path /Applications/Xcode-beta.app/Contents/Developer/Toolchains/XcodeDefault.xctoolchain/usr/lib/swift/host/libSwiftInProcPluginServer.dylib -o /Users/halilbagosi/Library/Developer/Xcode/DerivedData/Snippets-alwsbvpkjnwntcaxeuwfyknbsayo/Build/Intermediates.noindex/Snippets.build/Debug/Snippets.build/Objects-normal/arm64/ContentView.o -debug-module-path /Users/halilbagosi/Library/Developer/Xcode/DerivedData/Snippets-alwsbvpkjnwntcaxeuwfyknbsayo/Build/Intermediates.noindex/Snippets.build/Debug/Snippets.build/Objects-normal/arm64/Snippets.swiftmodule -index-unit-output-path /Snippets.build/Debug/Snippets.build/Objects-normal/arm64/ContentView.o -index-store-path /Users/halilbagosi/Library/Developer/Xcode/DerivedData/Snippets-alwsbvpkjnwntcaxeuwfyknbsayo/Index.noindex/DataStore -index-system-modules

SwiftCompile normal arm64 /Users/halilbagosi/snippets/Sources/Snippets/Views/ContentView.swift (in target 'Snippets' from project 'Snippets')
    cd /Users/halilbagosi/snippets
    builtin-SwiftPerFileCompile ContentView.swift

SwiftCompile normal arm64 Compiling\ SnippetGalleryView.swift /Users/halilbagosi/snippets/Sources/Snippets/Views/SnippetGalleryView.swift (in target 'Snippets' from project 'Snippets')

SwiftCompile normal arm64 /Users/halilbagosi/snippets/Sources/Snippets/Views/SnippetGalleryView.swift (in target 'Snippets' from project 'Snippets')
    cd /Users/halilbagosi/snippets
    builtin-SwiftPerFileCompile SnippetGalleryView.swift

SwiftCompile normal arm64 Compiling\ ModernSidebar.swift /Users/halilbagosi/snippets/Sources/Snippets/Views/Sidebar/ModernSidebar.swift (in target 'Snippets' from project 'Snippets')

SwiftCompile normal arm64 /Users/halilbagosi/snippets/Sources/Snippets/Views/Sidebar/ModernSidebar.swift (in target 'Snippets' from project 'Snippets')
    cd /Users/halilbagosi/snippets
    builtin-SwiftPerFileCompile ModernSidebar.swift

SwiftDriverJobDiscovery normal arm64 Compiling ModernSidebar.swift (in target 'Snippets' from project 'Snippets')

PruneExplicitPrecompiledModules /Users/halilbagosi/Library/Developer/Xcode/DerivedData/Snippets-alwsbvpkjnwntcaxeuwfyknbsayo/Build/Intermediates.noindex/SwiftExplicitPrecompiledModules

PruneExplicitPrecompiledModules /Users/halilbagosi/Library/Developer/Xcode/DerivedData/Snippets-alwsbvpkjnwntcaxeuwfyknbsayo/Build/Intermediates.noindex/ExplicitPrecompiledModules

** BUILD FAILED **


The following build commands failed:
	SwiftCompile normal arm64 Compiling\ ContentView.swift /Users/halilbagosi/snippets/Sources/Snippets/Views/ContentView.swift (in target 'Snippets' from project 'Snippets')
	SwiftCompile normal arm64 /Users/halilbagosi/snippets/Sources/Snippets/Views/ContentView.swift (in target 'Snippets' from project 'Snippets')
	Building project Snippets with scheme Snippets
(3 failures)
